---
source: tests/survey_0_10.rs
expression: __screen.with_styles()
---
size: 90x26  cursor: hidden
┌ taskboard ─────────────────────────────────────────────────────────────────────────────┐
│ Tasks │ Board │ Stats │ Logs                                                           │
└────────────────────────────────────────────────────────────────────────────────────────┘
┌ tasks (13) ───────────────────────────┐┌ detail ───────────────────────────────────────┐
│[x] HIGH Wire up the PTY┌ help ────────────────────────────────┐Y reader                │
│[x] HIGH Snapshot the sc│keys                                  │                        │
│[~] med  帳票をレンダリン                                      │                        │
│[ ] HIGH ! Handle SIGWIN│  j/k, up/down   move cursor          │                        │
│[ ] low  Add bracketed p│  h/l            board laopen ref     │                        │
│[ ] low  Support 🚀 emoj│  PgUp/PgDn      move a page          │                        │
│[ ] med  Document the wa│  Home/End       first / last         │he kernel buffer never  │
│[x] low  Benchmark the p│  Tab/Shift-Tab  switch tab           │                        │
│[~] med  Ship v0.2 style│  space          toggle done          │                        │
│[ ] low  Windows ConPTY │  /              filter tasks         │                        │
│[ ] HIGH ! Rotate the ca│  d              delete task          │                        │
│[ ] med  Audit 👨‍ 🇻🇳 ❤️  │  r              run task             │                        │
│[ ] low  Trim trailing s│  y              yank title           │                        │
│                        │  T              high contrast        │                        │
│                        │  ? or F1        this help            │                        │
│                        │  q              quit                 │                        │
│                        │  Ctrl-C         interrupt (exit 130) │                        │
│                        └──────────────────────────────────────┘                        │
│                                       ││                                               │
│                                       ││                                               │
└───────────────────────────────────────┘└───────────────────────────────────────────────┘
 HELP  Tasks 1/13 ? help  q quit

styles:
1: 2-6 fg=3 bold
4: 1-4 fg=2 bold reverse; 5-9 fg=1 bold reverse; 10-24 dim reverse strikethrough; 25-64 fg=15; 65-72 bold
5: 1-4 fg=2; 5-9 fg=1 bold; 10-24 dim strikethrough; 25 fg=15; 26-29 fg=15 bold; 30-64 fg=15
6: 1-4 fg=6; 5-9 fg=3; 26-64 fg=15
7: 1-4 fg=8; 5-9 fg=1 bold; 10-11 fg=1 blink; 25-64 fg=15
8: 1-4 fg=8; 5-9 fg=2; 25-50 fg=15; 59-64 fg=15
9: 1-4 fg=8; 5-9 fg=2; 25-64 fg=15
10: 1-4 fg=8; 5-9 fg=3; 25-64 fg=15
11: 1-9 fg=2; 10-24 dim strikethrough; 25-64 fg=15
12: 1-4 fg=6; 5-9 fg=3; 25-64 fg=15
13: 1-4 fg=8; 5-9 fg=2; 25-64 fg=15
14: 1-4 fg=8; 5-9 fg=1 bold; 10-11 fg=1 blink; 25-64 fg=15
15: 1-4 fg=8; 5-9 fg=3; 25-64 fg=15
16: 1-4 fg=8; 5-9 fg=2; 25-64 fg=15
17: 25-64 fg=15
18: 25-64 fg=15
19: 25-64 fg=15
20: 25-64 fg=15
21: 25-64 fg=15
25: 0-5 fg=15 bg=4 bold; 18-31 fg=8
