---
source: tests/tui.rs
assertion_line: 646
expression: t.screen()
---
size: 90x26  cursor: hidden
┌ taskboard ─────────────────────────────────────────────────────────────────────────────┐
│ Tasks │ Stats │ Logs                                                                   │
└────────────────────────────────────────────────────────────────────────────────────────┘
┌ tasks (10) ───────────────────────────┐┌ detail ───────────────────────────────────────┐
│[x] HIGH Wire up the PTY reader        ││title    Wire up the PTY reader                │
│[x] HIGH Snapshot the sc┌ help ────────────────────────────────┐                        │
│[ ] med  帳票をレンダリンkeys                                  │                        │
│[ ] HIGH Handle SIGWINCH│                                      │                        │
│[ ] low  Add bracketed p│  j/k, up/down   move cursor          │                        │
│[ ] low  Support 🚀 emoj│  PgUp/PgDn      move a page          │he kernel buffer never  │
│[ ] med  Document the wa│  Home/End       first / last         │                        │
│[x] low  Benchmark the p│  Tab/Shift-Tab  switch tab           │                        │
│[ ] med  Ship v0.2 style│  space          toggle done          │                        │
│[ ] low  Windows ConPTY │  y              copy title           │                        │
│                        │  /              filter tasks         │                        │
│                        │  d              delete task          │                        │
│                        │  ? or F1        this help            │                        │
│                        │  q              quit                 │                        │
│                        │  Ctrl-C         interrupt (exit 130) │                        │
│                        └──────────────────────────────────────┘                        │
│                                       ││                                               │
│                                       ││                                               │
│                                       ││                                               │
│                                       ││                                               │
└───────────────────────────────────────┘└───────────────────────────────────────────────┘
 HELP  Tasks 1/10 ? help  q quit
