---
source: tests/tui.rs
expression: t.screen()
---
size: 90x26  cursor: hidden
┌ taskboard ─────────────────────────────────────────────────────────────────────────────┐
│ Tasks │ Board │ Stats │ Logs                                                           │
└────────────────────────────────────────────────────────────────────────────────────────┘
┌ tasks (13) ───────────────────────────┐┌ detail ───────────────────────────────────────┐
│[x] HIGH Wire up the PTY┌ help ────────────────────────────────┐Y reader                │
│[x] HIGH Snapshot the sc│keys                                  │                        │
│[~] med  帳票をレンダリン                                      │                        │
│[ ] HIGH ! Handle SIGWIN│  j/k, up/down   move cursor          │                        │
│[ ] low  Add bracketed p│  h/l            board laopen ref     │                        │
│[ ] low  Support 🚀 emoj│  PgUp/PgDn      move a page          │                        │
│[ ] med  Document the wa│  Home/End       first / last         │he kernel buffer never  │
│[x] low  Benchmark the p│  Tab/Shift-Tab  switch tab           │                        │
│[~] med  Ship v0.2 style│  space          toggle done          │                        │
│[ ] low  Windows ConPTY │  /              filter tasks         │                        │
│[ ] HIGH ! Rotate the ca│  d              delete task          │                        │
│[ ] med  Audit 👨‍ 🇻🇳 ❤️  │  r              run task             │                        │
│[ ] low  Trim trailing s│  y              yank title           │                        │
│                        │  T              high contrast        │                        │
│                        │  ? or F1        this help            │                        │
│                        │  q              quit                 │                        │
│                        │  Ctrl-C         interrupt (exit 130) │                        │
│                        └──────────────────────────────────────┘                        │
│                                       ││                                               │
│                                       ││                                               │
└───────────────────────────────────────┘└───────────────────────────────────────────────┘
 HELP  Tasks 1/13 ? help  q quit
