---
source: tests/tui.rs
expression: t.screen()
---
size: 90x26  cursor: hidden
┌ taskboard ─────────────────────────────────────────────────────────────────────────────┐
│ Tasks │ Board │ Stats │ Logs                                                           │
└────────────────────────────────────────────────────────────────────────────────────────┘
┌ tasks (13) ───────────────────────────┐┌ detail ───────────────────────────────────────┐
│[x] HIGH Wire up the PTY reader        ││title    Wire up the PTY reader                │
│[x] HIGH Snapshot the screen grid      ││status   done                                  │
│[~] med  帳票をレンダリングする        ││priority HIGH                                  │
│[ ] HIGH ! Handle SIGWINCH             ││tags     core, io                              │
│[ ] low  Add bracketed paste           ││link     open ref                              │
│[ ] low  Support 🚀 emoji width        ││                                               │
│[ ] med  Document the wait heuristics  ││Drain continuously so the kernel buffer never  │
│[x] low  Benchmark the parser          ││stalls the child.                              │
│[~] med  Ship v0.2 styles block        ││                                               │
│[ ] low  Windows ConPTY support        ││                                               │
│[ ] HIGH ! Rotate the café credentials ││                                               │
│[ ] med  Audit 👨‍ 🇻🇳 ❤️  glyph widths   ││                                               │
│[ ] low  Trim trailing space           ││                                               │
│                                       ││                                               │
│                                       ││                                               │
│                                       ││                                               │
│                                       ││                                               │
│                                       ││                                               │
│                                       ││                                               │
│                                       ││                                               │
└───────────────────────────────────────┘└───────────────────────────────────────────────┘
 NORMAL  Tasks 1/13 ? help  q quit
